<html>
<body>
<pre>
<h1>µVision Build Log</h1>
<h2>Tool Versions:</h2>
IDE-Version: µVision V5.25.2.0
Copyright (C) 2018 ARM Ltd and ARM Germany GmbH. All rights reserved.
License Information: PHAT TRIEN THAI, HCMUT, LIC=----
 
Tool Versions:
Toolchain:       MDK-Lite  Version: 5.25.2.0
Toolchain Path:  D:\APPS\KEIL\ARM\ARMCC\Bin
C Compiler:      Armcc.exe V5.06 update 6 (build 750)
Assembler:       Armasm.exe V5.06 update 6 (build 750)
Linker/Locator:  ArmLink.exe V5.06 update 6 (build 750)
Library Manager: ArmAr.exe V5.06 update 6 (build 750)
Hex Converter:   FromElf.exe V5.06 update 6 (build 750)
CPU DLL:         SARMCM3.DLL V5.25.2.0
Dialog DLL:      DCM.DLL V1.17.1.0
Target DLL:      STLink\ST-LINKIII-KEIL_SWO.dll V3.0.1.0
Dialog DLL:      TCM.DLL V1.35.1.0
 
<h2>Project:</h2>
D:\HK192\DL_DKMT\USB_HID\MDK-ARM\USB_HID.uvprojx
Project File Date:  07/11/2020

<h2>Output:</h2>
*** Using Compiler 'V5.06 update 6 (build 750)', folder: 'D:\APPS\KEIL\ARM\ARMCC\Bin'
Build target 'USB_HID'
compiling main.c...
../Src/main.c(140): warning:  #188-D: enumerated type mixed with another type
  	HAL_GPIO_WritePin(DO0_GPIO_Port, DO0_Pin, 0);
../Src/main.c(141): warning:  #188-D: enumerated type mixed with another type
  	HAL_GPIO_WritePin(DO1_GPIO_Port, DO1_Pin, 0);
../Src/main.c(142): warning:  #188-D: enumerated type mixed with another type
  	HAL_GPIO_WritePin(DO2_GPIO_Port, DO2_Pin, 0);
../Src/main.c(143): warning:  #188-D: enumerated type mixed with another type
  	HAL_GPIO_WritePin(DO3_GPIO_Port, DO3_Pin, 0);
../Src/main.c(144): warning:  #188-D: enumerated type mixed with another type
  	HAL_GPIO_WritePin(DO4_GPIO_Port, DO4_Pin, 0);
../Src/main.c(145): warning:  #188-D: enumerated type mixed with another type
  	HAL_GPIO_WritePin(DO5_GPIO_Port, DO5_Pin, 0);
../Src/main.c(146): warning:  #188-D: enumerated type mixed with another type
  	HAL_GPIO_WritePin(DO6_GPIO_Port, DO6_Pin, 0);
../Src/main.c(147): warning:  #188-D: enumerated type mixed with another type
  	HAL_GPIO_WritePin(DO7_GPIO_Port, DO7_Pin, 0);
../Src/main.c: 8 warnings, 0 errors
linking...
Program Size: Code=18480 RO-data=448 RW-data=464 ZI-data=4208  
FromELF: creating hex file...
"USB_HID\USB_HID.axf" - 0 Error(s), 8 Warning(s).

<h2>Software Packages used:</h2>

Package Vendor: ARM
                http://www.keil.com/pack/ARM.CMSIS.5.3.0.pack
                ARM.CMSIS.5.3.0
                CMSIS (Cortex Microcontroller Software Interface Standard)
   * Component: CORE Version: 5.1.1

Package Vendor: Keil
                http://www.keil.com/pack/Keil.STM32F4xx_DFP.2.13.0.pack
                Keil.STM32F4xx_DFP.2.13.0
                STMicroelectronics STM32F4 Series Device Support, Drivers and Examples

<h2>Collection of Component include folders:</h2>
  .\RTE\_USB_HID
  D:\STM32F4\ARM\CMSIS\5.3.0\CMSIS\Include
  D:\STM32F4\Keil\STM32F4xx_DFP\2.13.0\Drivers\CMSIS\Device\ST\STM32F4xx\Include

<h2>Collection of Component Files used:</h2>

   * Component: ARM::CMSIS:CORE:5.1.1
Build Time Elapsed:  00:00:04
</pre>
</body>
</html>
